[2026-06-16 18:42:01] ========================================
[2026-06-16 18:42:01] Iniciando creación de 5 contenedores...
[2026-06-16 18:42:01] ========================================
[2026-06-16 18:42:01]   [1/5] Tipo: ALTO_CPU → alpine + bucle bc
[2026-06-16 18:42:01]   └─ ✓ Creado: sopes1_C_656921
[2026-06-16 18:42:01]   [2/5] Tipo: BAJO → alpine sleep 240
[2026-06-16 18:42:01]   └─ ✓ Creado: sopes1_L_656922
[2026-06-16 18:42:01]   [3/5] Tipo: BAJO → alpine sleep 240
[2026-06-16 18:42:01]   └─ ✓ Creado: sopes1_L_656923
[2026-06-16 18:42:01]   [4/5] Tipo: ALTO_CPU → alpine + bucle bc
[2026-06-16 18:42:01]   └─ ✓ Creado: sopes1_C_656923
[2026-06-16 18:42:01]   [5/5] Tipo: ALTO_CPU → alpine + bucle bc
[2026-06-16 18:42:01]   └─ ✓ Creado: sopes1_C_656924
[2026-06-16 18:42:01] ----------------------------------------
[2026-06-16 18:42:01] Resumen: 5 creados, 0 fallidos
[2026-06-16 18:42:01] Contenedores sopes1 activos ahora:
[2026-06-16 18:42:01] ========================================
[2026-06-16 18:44:01] ========================================
[2026-06-16 18:44:01] Iniciando creación de 5 contenedores...
[2026-06-16 18:44:01] ========================================
[2026-06-16 18:44:01]   [1/5] Tipo: ALTO_RAM → roldyoran/go-client
[2026-06-16 18:44:01]   └─ ✓ Creado: sopes1_R_657041
[2026-06-16 18:44:01]   [2/5] Tipo: ALTO_RAM → roldyoran/go-client
[2026-06-16 18:44:01]   └─ ✓ Creado: sopes1_R_657042
[2026-06-16 18:44:01]   [3/5] Tipo: ALTO_CPU → alpine + bucle bc
[2026-06-16 18:44:01]   └─ ✓ Creado: sopes1_C_657042
[2026-06-16 18:44:01]   [4/5] Tipo: ALTO_CPU → alpine + bucle bc
[2026-06-16 18:44:01]   └─ ✓ Creado: sopes1_C_657043
[2026-06-16 18:44:01]   [5/5] Tipo: BAJO → alpine sleep 240
[2026-06-16 18:44:01]   └─ ✓ Creado: sopes1_L_657044
[2026-06-16 18:44:01] ----------------------------------------
[2026-06-16 18:44:01] Resumen: 5 creados, 0 fallidos
[2026-06-16 18:44:01] Contenedores sopes1 activos ahora:
[2026-06-16 18:44:01] ========================================
[2026-06-16 18:46:01] ========================================
[2026-06-16 18:46:01] Iniciando creación de 5 contenedores...
[2026-06-16 18:46:01] ========================================
[2026-06-16 18:46:01]   [1/5] Tipo: ALTO_RAM → roldyoran/go-client
[2026-06-16 18:46:01]   └─ ✓ Creado: sopes1_R_657161
[2026-06-16 18:46:01]   [2/5] Tipo: BAJO → alpine sleep 240
[2026-06-16 18:46:01]   └─ ✓ Creado: sopes1_L_657162
[2026-06-16 18:46:01]   [3/5] Tipo: ALTO_CPU → alpine + bucle bc
[2026-06-16 18:46:01]   └─ ✓ Creado: sopes1_C_657162
[2026-06-16 18:46:01]   [4/5] Tipo: ALTO_RAM → roldyoran/go-client
[2026-06-16 18:46:01]   └─ ✓ Creado: sopes1_R_657163
[2026-06-16 18:46:01]   [5/5] Tipo: ALTO_RAM → roldyoran/go-client
[2026-06-16 18:46:01]   └─ ✓ Creado: sopes1_R_657164
[2026-06-16 18:46:01] ----------------------------------------
[2026-06-16 18:46:01] Resumen: 5 creados, 0 fallidos
[2026-06-16 18:46:01] Contenedores sopes1 activos ahora:
[2026-06-16 18:46:01] ========================================
[2026-06-16 18:54:01] ========================================
[2026-06-16 18:54:01] Iniciando creación de 5 contenedores...
[2026-06-16 18:54:01] ========================================
[2026-06-16 18:54:01]   [1/5] Tipo: ALTO_CPU → alpine + bucle bc
[2026-06-16 18:54:01]   └─ ✓ Creado: sopes1_C_657641
[2026-06-16 18:54:01]   [2/5] Tipo: ALTO_RAM → roldyoran/go-client
[2026-06-16 18:54:01]   └─ ✓ Creado: sopes1_R_657642
[2026-06-16 18:54:01]   [3/5] Tipo: ALTO_CPU → alpine + bucle bc
[2026-06-16 18:54:01]   └─ ✓ Creado: sopes1_C_657642
[2026-06-16 18:54:01]   [4/5] Tipo: ALTO_CPU → alpine + bucle bc
[2026-06-16 18:54:01]   └─ ✓ Creado: sopes1_C_657643
[2026-06-16 18:54:01]   [5/5] Tipo: ALTO_CPU → alpine + bucle bc
[2026-06-16 18:54:01]   └─ ✗ Error creando: sopes1_C_657643 (código: 125)
[2026-06-16 18:54:01] ----------------------------------------
[2026-06-16 18:54:01] Resumen: 4 creados, 1 fallidos
[2026-06-16 18:54:01] Contenedores sopes1 activos ahora:
[2026-06-16 18:54:01] ========================================
[2026-06-16 22:12:01] ========================================
[2026-06-16 22:12:01] Iniciando creación de 5 contenedores...
[2026-06-16 22:12:01] ========================================
[2026-06-16 22:12:01]   [1/5] Tipo: ALTO_CPU → alpine + bucle bc
[2026-06-16 22:12:01]   └─ ✓ Creado: sopes1_C_669521
[2026-06-16 22:12:01]   [2/5] Tipo: ALTO_CPU → alpine + bucle bc
[2026-06-16 22:12:01]   └─ ✓ Creado: sopes1_C_669522
[2026-06-16 22:12:01]   [3/5] Tipo: ALTO_CPU → alpine + bucle bc
[2026-06-16 22:12:01]   └─ ✗ Error creando: sopes1_C_669522 (código: 125)
[2026-06-16 22:12:01]   [4/5] Tipo: ALTO_CPU → alpine + bucle bc
[2026-06-16 22:12:01]   └─ ✓ Creado: sopes1_C_669523
[2026-06-16 22:12:01]   [5/5] Tipo: ALTO_RAM → roldyoran/go-client
[2026-06-16 22:12:01]   └─ ✓ Creado: sopes1_R_669523
[2026-06-16 22:12:01] ----------------------------------------
[2026-06-16 22:12:01] Resumen: 4 creados, 1 fallidos
[2026-06-16 22:12:01] Contenedores sopes1 activos ahora:
[2026-06-16 22:12:01] ========================================
[2026-06-16 22:14:01] ========================================
[2026-06-16 22:14:01] Iniciando creación de 5 contenedores...
[2026-06-16 22:14:01] ========================================
[2026-06-16 22:14:01]   [1/5] Tipo: BAJO → alpine sleep 240
[2026-06-16 22:14:01]   └─ ✓ Creado: sopes1_L_669641
[2026-06-16 22:14:01]   [2/5] Tipo: ALTO_CPU → alpine + bucle bc
[2026-06-16 22:14:01]   └─ ✓ Creado: sopes1_C_669641
[2026-06-16 22:14:01]   [3/5] Tipo: BAJO → alpine sleep 240
[2026-06-16 22:14:01]   └─ ✓ Creado: sopes1_L_669642
[2026-06-16 22:14:01]   [4/5] Tipo: ALTO_RAM → roldyoran/go-client
[2026-06-16 22:14:01]   └─ ✓ Creado: sopes1_R_669643
[2026-06-16 22:14:01]   [5/5] Tipo: BAJO → alpine sleep 240
[2026-06-16 22:14:01]   └─ ✓ Creado: sopes1_L_669643
[2026-06-16 22:14:01] ----------------------------------------
[2026-06-16 22:14:01] Resumen: 5 creados, 0 fallidos
[2026-06-16 22:14:01] Contenedores sopes1 activos ahora:
[2026-06-16 22:14:01] ========================================
[2026-06-16 22:16:01] ========================================
[2026-06-16 22:16:01] Iniciando creación de 5 contenedores...
[2026-06-16 22:16:01] ========================================
[2026-06-16 22:16:01]   [1/5] Tipo: ALTO_CPU → alpine + bucle bc
[2026-06-16 22:16:01]   └─ ✓ Creado: sopes1_C_669761
[2026-06-16 22:16:01]   [2/5] Tipo: BAJO → alpine sleep 240
[2026-06-16 22:16:01]   └─ ✓ Creado: sopes1_L_669761
[2026-06-16 22:16:01]   [3/5] Tipo: BAJO → alpine sleep 240
[2026-06-16 22:16:01]   └─ ✓ Creado: sopes1_L_669762
[2026-06-16 22:16:01]   [4/5] Tipo: BAJO → alpine sleep 240
[2026-06-16 22:16:01]   └─ ✓ Creado: sopes1_L_669763
[2026-06-16 22:16:01]   [5/5] Tipo: ALTO_RAM → roldyoran/go-client
[2026-06-16 22:16:01]   └─ ✓ Creado: sopes1_R_669763
[2026-06-16 22:16:01] ----------------------------------------
[2026-06-16 22:16:01] Resumen: 5 creados, 0 fallidos
[2026-06-16 22:16:01] Contenedores sopes1 activos ahora:
[2026-06-16 22:16:01] ========================================
[2026-06-16 22:18:01] ========================================
[2026-06-16 22:18:01] Iniciando creación de 5 contenedores...
[2026-06-16 22:18:01] ========================================
[2026-06-16 22:18:01]   [1/5] Tipo: BAJO → alpine sleep 240
[2026-06-16 22:18:01]   └─ ✓ Creado: sopes1_L_669881
[2026-06-16 22:18:01]   [2/5] Tipo: BAJO → alpine sleep 240
[2026-06-16 22:18:01]   └─ ✓ Creado: sopes1_L_669882
[2026-06-16 22:18:01]   [3/5] Tipo: BAJO → alpine sleep 240
[2026-06-16 22:18:01]   └─ ✗ Error creando: sopes1_L_669882 (código: 125)
[2026-06-16 22:18:01]   [4/5] Tipo: ALTO_CPU → alpine + bucle bc
[2026-06-16 22:18:01]   └─ ✓ Creado: sopes1_C_669883
[2026-06-16 22:18:01]   [5/5] Tipo: ALTO_CPU → alpine + bucle bc
[2026-06-16 22:18:01]   └─ ✗ Error creando: sopes1_C_669883 (código: 125)
[2026-06-16 22:18:01] ----------------------------------------
[2026-06-16 22:18:01] Resumen: 3 creados, 2 fallidos
[2026-06-16 22:18:01] Contenedores sopes1 activos ahora:
[2026-06-16 22:18:01] ========================================
[2026-06-16 22:20:01] ========================================
[2026-06-16 22:20:01] Iniciando creación de 5 contenedores...
[2026-06-16 22:20:01] ========================================
[2026-06-16 22:20:01]   [1/5] Tipo: ALTO_CPU → alpine + bucle bc
[2026-06-16 22:20:01]   └─ ✓ Creado: sopes1_C_670001
[2026-06-16 22:20:01]   [2/5] Tipo: ALTO_RAM → roldyoran/go-client
[2026-06-16 22:20:01]   └─ ✓ Creado: sopes1_R_670001
[2026-06-16 22:20:01]   [3/5] Tipo: ALTO_RAM → roldyoran/go-client
[2026-06-16 22:20:01]   └─ ✓ Creado: sopes1_R_670002
[2026-06-16 22:20:01]   [4/5] Tipo: BAJO → alpine sleep 240
[2026-06-16 22:20:01]   └─ ✓ Creado: sopes1_L_670002
[2026-06-16 22:20:01]   [5/5] Tipo: ALTO_CPU → alpine + bucle bc
[2026-06-16 22:20:01]   └─ ✓ Creado: sopes1_C_670003
[2026-06-16 22:20:01] ----------------------------------------
[2026-06-16 22:20:01] Resumen: 5 creados, 0 fallidos
[2026-06-16 22:20:01] Contenedores sopes1 activos ahora:
[2026-06-16 22:20:01] ========================================
[2026-06-16 22:22:01] ========================================
[2026-06-16 22:22:01] Iniciando creación de 5 contenedores...
[2026-06-16 22:22:01] ========================================
[2026-06-16 22:22:01]   [1/5] Tipo: BAJO → alpine sleep 240
[2026-06-16 22:22:01]   └─ ✓ Creado: sopes1_L_670121
[2026-06-16 22:22:01]   [2/5] Tipo: ALTO_RAM → roldyoran/go-client
[2026-06-16 22:22:01]   └─ ✓ Creado: sopes1_R_670121
[2026-06-16 22:22:01]   [3/5] Tipo: ALTO_CPU → alpine + bucle bc
[2026-06-16 22:22:01]   └─ ✓ Creado: sopes1_C_670122
[2026-06-16 22:22:01]   [4/5] Tipo: ALTO_CPU → alpine + bucle bc
[2026-06-16 22:22:01]   └─ ✗ Error creando: sopes1_C_670122 (código: 125)
[2026-06-16 22:22:01]   [5/5] Tipo: ALTO_CPU → alpine + bucle bc
[2026-06-16 22:22:01]   └─ ✓ Creado: sopes1_C_670123
[2026-06-16 22:22:01] ----------------------------------------
[2026-06-16 22:22:01] Resumen: 4 creados, 1 fallidos
[2026-06-16 22:22:01] Contenedores sopes1 activos ahora:
[2026-06-16 22:22:01] ========================================
[2026-06-16 22:24:01] ========================================
[2026-06-16 22:24:01] Iniciando creación de 5 contenedores...
[2026-06-16 22:24:01] ========================================
[2026-06-16 22:24:01]   [1/5] Tipo: ALTO_CPU → alpine + bucle bc
[2026-06-16 22:24:01]   └─ ✓ Creado: sopes1_C_670241
[2026-06-16 22:24:01]   [2/5] Tipo: BAJO → alpine sleep 240
[2026-06-16 22:24:01]   └─ ✓ Creado: sopes1_L_670242
[2026-06-16 22:24:01]   [3/5] Tipo: BAJO → alpine sleep 240
[2026-06-16 22:24:01]   └─ ✗ Error creando: sopes1_L_670242 (código: 125)
[2026-06-16 22:24:01]   [4/5] Tipo: ALTO_RAM → roldyoran/go-client
[2026-06-16 22:24:01]   └─ ✓ Creado: sopes1_R_670243
[2026-06-16 22:24:01]   [5/5] Tipo: ALTO_RAM → roldyoran/go-client
[2026-06-16 22:24:01]   └─ ✗ Error creando: sopes1_R_670243 (código: 125)
[2026-06-16 22:24:01] ----------------------------------------
[2026-06-16 22:24:01] Resumen: 3 creados, 2 fallidos
[2026-06-16 22:24:01] Contenedores sopes1 activos ahora:
[2026-06-16 22:24:01] ========================================
[2026-06-16 22:26:01] ========================================
[2026-06-16 22:26:01] Iniciando creación de 5 contenedores...
[2026-06-16 22:26:01] ========================================
[2026-06-16 22:26:01]   [1/5] Tipo: ALTO_RAM → roldyoran/go-client
[2026-06-16 22:26:01]   └─ ✓ Creado: sopes1_R_670361
[2026-06-16 22:26:01]   [2/5] Tipo: ALTO_RAM → roldyoran/go-client
[2026-06-16 22:26:01]   └─ ✗ Error creando: sopes1_R_670361 (código: 125)
[2026-06-16 22:26:01]   [3/5] Tipo: ALTO_RAM → roldyoran/go-client
[2026-06-16 22:26:01]   └─ ✓ Creado: sopes1_R_670362
[2026-06-16 22:26:01]   [4/5] Tipo: ALTO_RAM → roldyoran/go-client
[2026-06-16 22:26:01]   └─ ✗ Error creando: sopes1_R_670362 (código: 125)
[2026-06-16 22:26:01]   [5/5] Tipo: ALTO_CPU → alpine + bucle bc
[2026-06-16 22:26:01]   └─ ✓ Creado: sopes1_C_670363
[2026-06-16 22:26:01] ----------------------------------------
[2026-06-16 22:26:01] Resumen: 3 creados, 2 fallidos
[2026-06-16 22:26:01] Contenedores sopes1 activos ahora:
[2026-06-16 22:26:01] ========================================
[2026-06-16 22:28:01] ========================================
[2026-06-16 22:28:01] Iniciando creación de 5 contenedores...
[2026-06-16 22:28:01] ========================================
[2026-06-16 22:28:01]   [1/5] Tipo: BAJO → alpine sleep 240
[2026-06-16 22:28:01]   └─ ✓ Creado: sopes1_L_670481
[2026-06-16 22:28:01]   [2/5] Tipo: ALTO_CPU → alpine + bucle bc
[2026-06-16 22:28:01]   └─ ✓ Creado: sopes1_C_670482
[2026-06-16 22:28:01]   [3/5] Tipo: ALTO_RAM → roldyoran/go-client
[2026-06-16 22:28:01]   └─ ✓ Creado: sopes1_R_670482
[2026-06-16 22:28:01]   [4/5] Tipo: ALTO_RAM → roldyoran/go-client
[2026-06-16 22:28:01]   └─ ✓ Creado: sopes1_R_670483
[2026-06-16 22:28:01]   [5/5] Tipo: ALTO_RAM → roldyoran/go-client
[2026-06-16 22:28:01]   └─ ✗ Error creando: sopes1_R_670483 (código: 125)
[2026-06-16 22:28:01] ----------------------------------------
[2026-06-16 22:28:01] Resumen: 4 creados, 1 fallidos
[2026-06-16 22:28:01] Contenedores sopes1 activos ahora:
[2026-06-16 22:28:01] ========================================
[2026-06-16 22:30:01] ========================================
[2026-06-16 22:30:01] Iniciando creación de 5 contenedores...
[2026-06-16 22:30:01] ========================================
[2026-06-16 22:30:01]   [1/5] Tipo: BAJO → alpine sleep 240
[2026-06-16 22:30:01]   └─ ✓ Creado: sopes1_L_670601
[2026-06-16 22:30:01]   [2/5] Tipo: ALTO_CPU → alpine + bucle bc
[2026-06-16 22:30:01]   └─ ✓ Creado: sopes1_C_670601
[2026-06-16 22:30:01]   [3/5] Tipo: ALTO_RAM → roldyoran/go-client
[2026-06-16 22:30:01]   └─ ✓ Creado: sopes1_R_670602
[2026-06-16 22:30:01]   [4/5] Tipo: ALTO_CPU → alpine + bucle bc
[2026-06-16 22:30:01]   └─ ✓ Creado: sopes1_C_670603
[2026-06-16 22:30:01]   [5/5] Tipo: ALTO_RAM → roldyoran/go-client
[2026-06-16 22:30:01]   └─ ✓ Creado: sopes1_R_670603
[2026-06-16 22:30:01] ----------------------------------------
[2026-06-16 22:30:01] Resumen: 5 creados, 0 fallidos
[2026-06-16 22:30:01] Contenedores sopes1 activos ahora:
[2026-06-16 22:30:01] ========================================
[2026-06-16 22:32:01] ========================================
[2026-06-16 22:32:01] Iniciando creación de 5 contenedores...
[2026-06-16 22:32:01] ========================================
[2026-06-16 22:32:01]   [1/5] Tipo: ALTO_RAM → roldyoran/go-client
[2026-06-16 22:32:01]   └─ ✓ Creado: sopes1_R_670721
[2026-06-16 22:32:01]   [2/5] Tipo: BAJO → alpine sleep 240
[2026-06-16 22:32:01]   └─ ✓ Creado: sopes1_L_670721
[2026-06-16 22:32:01]   [3/5] Tipo: ALTO_RAM → roldyoran/go-client
[2026-06-16 22:32:01]   └─ ✓ Creado: sopes1_R_670722
[2026-06-16 22:32:01]   [4/5] Tipo: ALTO_RAM → roldyoran/go-client
[2026-06-16 22:32:01]   └─ ✓ Creado: sopes1_R_670723
[2026-06-16 22:32:01]   [5/5] Tipo: ALTO_CPU → alpine + bucle bc
[2026-06-16 22:32:01]   └─ ✓ Creado: sopes1_C_670723
[2026-06-16 22:32:01] ----------------------------------------
[2026-06-16 22:32:01] Resumen: 5 creados, 0 fallidos
[2026-06-16 22:32:01] Contenedores sopes1 activos ahora:
[2026-06-16 22:32:01] ========================================
