[2026-06-28 14:58:51,346] 3951184aca0d/INFO/locust.main: Run time limit set to 45 seconds
[2026-06-28 14:58:51,346] 3951184aca0d/INFO/locust.main: Starting Locust 2.20.0
Type     Name                                                                          # reqs      # fails |    Avg     Min     Max    Med |   req/s  failures/s
--------|----------------------------------------------------------------------------|-------|-------------|-------|-------|-------|-------|--------|-----------
--------|----------------------------------------------------------------------------|-------|-------------|-------|-------|-------|-------|--------|-----------
         Aggregated                                                                         0     0(0.00%) |      0       0       0      0 |    0.00        0.00

[2026-06-28 14:58:51,347] 3951184aca0d/INFO/locust.runners: Ramping to 150 users at a rate of 25.00 per second
Type     Name                                                                          # reqs      # fails |    Avg     Min     Max    Med |   req/s  failures/s
--------|----------------------------------------------------------------------------|-------|-------------|-------|-------|-------|-------|--------|-----------
POST     /grpc-202308204                                                                  165     0(0.00%) |    167     101     518    120 |    0.00        0.00
--------|----------------------------------------------------------------------------|-------|-------------|-------|-------|-------|-------|--------|-----------
         Aggregated                                                                       165     0(0.00%) |    167     101     518    120 |    0.00        0.00

Type     Name                                                                          # reqs      # fails |    Avg     Min     Max    Med |   req/s  failures/s
--------|----------------------------------------------------------------------------|-------|-------------|-------|-------|-------|-------|--------|-----------
POST     /grpc-202308204                                                                  542     0(0.00%) |    162     101     518    140 |   66.50        0.00
--------|----------------------------------------------------------------------------|-------|-------------|-------|-------|-------|-------|--------|-----------
         Aggregated                                                                       542     0(0.00%) |    162     101     518    140 |   66.50        0.00

[2026-06-28 14:58:56,353] 3951184aca0d/INFO/locust.runners: All users spawned: {"QuinielaUser": 150} (150 total users)
Type     Name                                                                          # reqs      # fails |    Avg     Min     Max    Med |   req/s  failures/s
--------|----------------------------------------------------------------------------|-------|-------------|-------|-------|-------|-------|--------|-----------
POST     /grpc-202308204                                                                 1095     0(0.00%) |    177     101     563    160 |  114.25        0.00
--------|----------------------------------------------------------------------------|-------|-------------|-------|-------|-------|-------|--------|-----------
         Aggregated                                                                      1095     0(0.00%) |    177     101     563    160 |  114.25        0.00

Type     Name                                                                          # reqs      # fails |    Avg     Min     Max    Med |   req/s  failures/s
--------|----------------------------------------------------------------------------|-------|-------------|-------|-------|-------|-------|--------|-----------
POST     /grpc-202308204                                                                 1696     2(0.12%) |    189     101    4734    170 |  164.67        0.00
--------|----------------------------------------------------------------------------|-------|-------------|-------|-------|-------|-------|--------|-----------
         Aggregated                                                                      1696     2(0.12%) |    189     101    4734    170 |  164.67        0.00

Type     Name                                                                          # reqs      # fails |    Avg     Min     Max    Med |   req/s  failures/s
--------|----------------------------------------------------------------------------|-------|-------------|-------|-------|-------|-------|--------|-----------
POST     /grpc-202308204                                                                 2264     2(0.09%) |    195     101    4734    180 |  198.50        0.12
--------|----------------------------------------------------------------------------|-------|-------------|-------|-------|-------|-------|--------|-----------
         Aggregated                                                                      2264     2(0.09%) |    195     101    4734    180 |  198.50        0.12

Type     Name                                                                          # reqs      # fails |    Avg     Min     Max    Med |   req/s  failures/s
--------|----------------------------------------------------------------------------|-------|-------------|-------|-------|-------|-------|--------|-----------
POST     /grpc-202308204                                                                 2842     3(0.11%) |    199     101    4734    190 |  213.30        0.20
--------|----------------------------------------------------------------------------|-------|-------------|-------|-------|-------|-------|--------|-----------
         Aggregated                                                                      2842     3(0.11%) |    199     101    4734    190 |  213.30        0.20

Type     Name                                                                          # reqs      # fails |    Avg     Min     Max    Med |   req/s  failures/s
--------|----------------------------------------------------------------------------|-------|-------------|-------|-------|-------|-------|--------|-----------
POST     /grpc-202308204                                                                 3449     4(0.12%) |    201     101    4734    190 |  258.90        0.30
--------|----------------------------------------------------------------------------|-------|-------------|-------|-------|-------|-------|--------|-----------
         Aggregated                                                                      3449     4(0.12%) |    201     101    4734    190 |  258.90        0.30

Type     Name                                                                          # reqs      # fails |    Avg     Min     Max    Med |   req/s  failures/s
--------|----------------------------------------------------------------------------|-------|-------------|-------|-------|-------|-------|--------|-----------
POST     /grpc-202308204                                                                 4007     4(0.10%) |    203     101    4734    190 |  287.50        0.40
--------|----------------------------------------------------------------------------|-------|-------------|-------|-------|-------|-------|--------|-----------
         Aggregated                                                                      4007     4(0.10%) |    203     101    4734    190 |  287.50        0.40

Type     Name                                                                          # reqs      # fails |    Avg     Min     Max    Med |   req/s  failures/s
--------|----------------------------------------------------------------------------|-------|-------------|-------|-------|-------|-------|--------|-----------
POST     /grpc-202308204                                                                 4587     6(0.13%) |    204     101    4734    190 |  290.70        0.40
--------|----------------------------------------------------------------------------|-------|-------------|-------|-------|-------|-------|--------|-----------
         Aggregated                                                                      4587     6(0.13%) |    204     101    4734    190 |  290.70        0.40

Type     Name                                                                          # reqs      # fails |    Avg     Min     Max    Med |   req/s  failures/s
--------|----------------------------------------------------------------------------|-------|-------------|-------|-------|-------|-------|--------|-----------
POST     /grpc-202308204                                                                 5175     6(0.12%) |    205     101    4734    190 |  290.70        0.50
--------|----------------------------------------------------------------------------|-------|-------------|-------|-------|-------|-------|--------|-----------
         Aggregated                                                                      5175     6(0.12%) |    205     101    4734    190 |  290.70        0.50

Type     Name                                                                          # reqs      # fails |    Avg     Min     Max    Med |   req/s  failures/s
--------|----------------------------------------------------------------------------|-------|-------------|-------|-------|-------|-------|--------|-----------
POST     /grpc-202308204                                                                 5798     6(0.10%) |    204     101    4734    190 |  293.50        0.40
--------|----------------------------------------------------------------------------|-------|-------------|-------|-------|-------|-------|--------|-----------
         Aggregated                                                                      5798     6(0.10%) |    204     101    4734    190 |  293.50        0.40

Type     Name                                                                          # reqs      # fails |    Avg     Min     Max    Med |   req/s  failures/s
--------|----------------------------------------------------------------------------|-------|-------------|-------|-------|-------|-------|--------|-----------
POST     /grpc-202308204                                                                 6418     6(0.09%) |    202     101    4734    190 |  295.50        0.30
--------|----------------------------------------------------------------------------|-------|-------------|-------|-------|-------|-------|--------|-----------
         Aggregated                                                                      6418     6(0.09%) |    202     101    4734    190 |  295.50        0.30

Type     Name                                                                          # reqs      # fails |    Avg     Min     Max    Med |   req/s  failures/s
--------|----------------------------------------------------------------------------|-------|-------------|-------|-------|-------|-------|--------|-----------
POST     /grpc-202308204                                                                 6994     6(0.09%) |    202     101    4734    190 |  296.00        0.20
--------|----------------------------------------------------------------------------|-------|-------------|-------|-------|-------|-------|--------|-----------
         Aggregated                                                                      6994     6(0.09%) |    202     101    4734    190 |  296.00        0.20

Type     Name                                                                          # reqs      # fails |    Avg     Min     Max    Med |   req/s  failures/s
--------|----------------------------------------------------------------------------|-------|-------------|-------|-------|-------|-------|--------|-----------
POST     /grpc-202308204                                                                 7603     6(0.08%) |    202     101    4734    190 |  299.60        0.20
--------|----------------------------------------------------------------------------|-------|-------------|-------|-------|-------|-------|--------|-----------
         Aggregated                                                                      7603     6(0.08%) |    202     101    4734    190 |  299.60        0.20

Type     Name                                                                          # reqs      # fails |    Avg     Min     Max    Med |   req/s  failures/s
--------|----------------------------------------------------------------------------|-------|-------------|-------|-------|-------|-------|--------|-----------
POST     /grpc-202308204                                                                 8205     6(0.07%) |    201     101    4734    190 |  298.80        0.00
--------|----------------------------------------------------------------------------|-------|-------------|-------|-------|-------|-------|--------|-----------
         Aggregated                                                                      8205     6(0.07%) |    201     101    4734    190 |  298.80        0.00

Type     Name                                                                          # reqs      # fails |    Avg     Min     Max    Med |   req/s  failures/s
--------|----------------------------------------------------------------------------|-------|-------------|-------|-------|-------|-------|--------|-----------
POST     /grpc-202308204                                                                 8796     6(0.07%) |    201     101    4734    190 |  302.10        0.00
--------|----------------------------------------------------------------------------|-------|-------------|-------|-------|-------|-------|--------|-----------
         Aggregated                                                                      8796     6(0.07%) |    201     101    4734    190 |  302.10        0.00

Type     Name                                                                          # reqs      # fails |    Avg     Min     Max    Med |   req/s  failures/s
--------|----------------------------------------------------------------------------|-------|-------------|-------|-------|-------|-------|--------|-----------
POST     /grpc-202308204                                                                 9396     6(0.06%) |    201     101    4734    190 |  301.50        0.00
--------|----------------------------------------------------------------------------|-------|-------------|-------|-------|-------|-------|--------|-----------
         Aggregated                                                                      9396     6(0.06%) |    201     101    4734    190 |  301.50        0.00

Type     Name                                                                          # reqs      # fails |    Avg     Min     Max    Med |   req/s  failures/s
--------|----------------------------------------------------------------------------|-------|-------------|-------|-------|-------|-------|--------|-----------
POST     /grpc-202308204                                                                10008     6(0.06%) |    201     101    4734    190 |  300.90        0.00
--------|----------------------------------------------------------------------------|-------|-------------|-------|-------|-------|-------|--------|-----------
         Aggregated                                                                     10008     6(0.06%) |    201     101    4734    190 |  300.90        0.00

Type     Name                                                                          # reqs      # fails |    Avg     Min     Max    Med |   req/s  failures/s
--------|----------------------------------------------------------------------------|-------|-------------|-------|-------|-------|-------|--------|-----------
POST     /grpc-202308204                                                                10599     6(0.06%) |    201     101    4734    190 |  296.70        0.00
--------|----------------------------------------------------------------------------|-------|-------------|-------|-------|-------|-------|--------|-----------
         Aggregated                                                                     10599     6(0.06%) |    201     101    4734    190 |  296.70        0.00

Type     Name                                                                          # reqs      # fails |    Avg     Min     Max    Med |   req/s  failures/s
--------|----------------------------------------------------------------------------|-------|-------------|-------|-------|-------|-------|--------|-----------
POST     /grpc-202308204                                                                11195     6(0.05%) |    201     101    4734    190 |  299.70        0.00
--------|----------------------------------------------------------------------------|-------|-------------|-------|-------|-------|-------|--------|-----------
         Aggregated                                                                     11195     6(0.05%) |    201     101    4734    190 |  299.70        0.00

Type     Name                                                                          # reqs      # fails |    Avg     Min     Max    Med |   req/s  failures/s
--------|----------------------------------------------------------------------------|-------|-------------|-------|-------|-------|-------|--------|-----------
POST     /grpc-202308204                                                                11780     6(0.05%) |    201     101    4734    190 |  298.40        0.00
--------|----------------------------------------------------------------------------|-------|-------------|-------|-------|-------|-------|--------|-----------
         Aggregated                                                                     11780     6(0.05%) |    201     101    4734    190 |  298.40        0.00

Type     Name                                                                          # reqs      # fails |    Avg     Min     Max    Med |   req/s  failures/s
--------|----------------------------------------------------------------------------|-------|-------------|-------|-------|-------|-------|--------|-----------
POST     /grpc-202308204                                                                12334     6(0.05%) |    202     101    4734    190 |  297.50        0.00
--------|----------------------------------------------------------------------------|-------|-------------|-------|-------|-------|-------|--------|-----------
         Aggregated                                                                     12334     6(0.05%) |    202     101    4734    190 |  297.50        0.00

[2026-06-28 14:59:36,132] 3951184aca0d/INFO/locust.main: --run-time limit reached, shutting down
[2026-06-28 14:59:36,208] 3951184aca0d/INFO/locust.main: writing html report to file: /results/hpa.html
[2026-06-28 14:59:36,210] 3951184aca0d/INFO/locust.main: Shutting down (exit code 1)
Type     Name                                                                          # reqs      # fails |    Avg     Min     Max    Med |   req/s  failures/s
--------|----------------------------------------------------------------------------|-------|-------------|-------|-------|-------|-------|--------|-----------
POST     /grpc-202308204                                                                12568     6(0.05%) |    203     101    4734    190 |  280.64        0.13
--------|----------------------------------------------------------------------------|-------|-------------|-------|-------|-------|-------|--------|-----------
         Aggregated                                                                     12568     6(0.05%) |    203     101    4734    190 |  280.64        0.13

Response time percentiles (approximated)
Type     Name                                                                                  50%    66%    75%    80%    90%    95%    98%    99%  99.9% 99.99%   100% # reqs
--------|--------------------------------------------------------------------------------|--------|------|------|------|------|------|------|------|------|------|------|------
POST     /grpc-202308204                                                                       190    220    240    250    280    290    320    360    630   4600   4700  12568
--------|--------------------------------------------------------------------------------|--------|------|------|------|------|------|------|------|------|------|------|------
         Aggregated                                                                            190    220    240    250    280    290    320    360    630   4600   4700  12568

Error report
# occurrences      Error                                                                                               
------------------|---------------------------------------------------------------------------------------------------------------------------------------------
6                  POST /grpc-202308204: HTTPError('503 Server Error: Service Unavailable for url: /grpc-202308204')   
------------------|---------------------------------------------------------------------------------------------------------------------------------------------

